[     526ms] [WARNING] Unable to load glyph range 0, 0-255. Rendering codepoint U+000A locally instead. Error: AJAXError: blocked (500): https://tiles.openfreemap.org/fonts/Noto Sans Italic/0-255.pbf @ http://localhost:4321/@vite/client:528
[     527ms] [WARNING] Unable to load glyph range 0, 0-255. Rendering codepoint U+0020 locally instead. Error: AJAXError: blocked (500): https://tiles.openfreemap.org/fonts/Noto Sans Italic/0-255.pbf @ http://localhost:4321/@vite/client:528
[     527ms] [WARNING] Unable to load glyph range 0, 0-255. Rendering codepoint U+0027 locally instead. Error: AJAXError: blocked (500): https://tiles.openfreemap.org/fonts/Noto Sans Italic/0-255.pbf @ http://localhost:4321/@vite/client:528
[     527ms] [WARNING] Unable to load glyph range 0, 0-255. Rendering codepoint U+002D locally instead. Error: AJAXError: blocked (500): https://tiles.openfreemap.org/fonts/Noto Sans Italic/0-255.pbf @ http://localhost:4321/@vite/client:528
[     527ms] [WARNING] Unable to load glyph range 0, 0-255. Rendering codepoint U+002F locally instead. Error: AJAXError: blocked (500): https://tiles.openfreemap.org/fonts/Noto Sans Italic/0-255.pbf @ http://localhost:4321/@vite/client:528
[     527ms] [WARNING] Unable to load glyph range 0, 0-255. Rendering codepoint U+0041 locally instead. Error: AJAXError: blocked (500): https://tiles.openfreemap.org/fonts/Noto Sans Italic/0-255.pbf @ http://localhost:4321/@vite/client:528
[     527ms] [WARNING] Unable to load glyph range 0, 0-255. Rendering codepoint U+0042 locally instead. Error: AJAXError: blocked (500): https://tiles.openfreemap.org/fonts/Noto Sans Italic/0-255.pbf @ http://localhost:4321/@vite/client:528
[     527ms] [WARNING] Unable to load glyph range 0, 0-255. Rendering codepoint U+0043 locally instead. Error: AJAXError: blocked (500): https://tiles.openfreemap.org/fonts/Noto Sans Italic/0-255.pbf @ http://localhost:4321/@vite/client:528
[     527ms] [WARNING] Unable to load glyph range 0, 0-255. Rendering codepoint U+0047 locally instead. Error: AJAXError: blocked (500): https://tiles.openfreemap.org/fonts/Noto Sans Italic/0-255.pbf @ http://localhost:4321/@vite/client:528
[     527ms] [WARNING] Unable to load glyph range 0, 0-255. Rendering codepoint U+0048 locally instead. Error: AJAXError: blocked (500): https://tiles.openfreemap.org/fonts/Noto Sans Italic/0-255.pbf @ http://localhost:4321/@vite/client:528
[     527ms] [WARNING] Unable to load glyph range 0, 0-255. Rendering codepoint U+004A locally instead. Error: AJAXError: blocked (500): https://tiles.openfreemap.org/fonts/Noto Sans Italic/0-255.pbf @ http://localhost:4321/@vite/client:528
[     527ms] [WARNING] Unable to load glyph range 0, 0-255. Rendering codepoint U+004C locally instead. Error: AJAXError: blocked (500): https://tiles.openfreemap.org/fonts/Noto Sans Italic/0-255.pbf @ http://localhost:4321/@vite/client:528
[     527ms] [WARNING] Unable to load glyph range 0, 0-255. Rendering codepoint U+004D locally instead. Error: AJAXError: blocked (500): https://tiles.openfreemap.org/fonts/Noto Sans Italic/0-255.pbf @ http://localhost:4321/@vite/client:528
[     527ms] [WARNING] Unable to load glyph range 0, 0-255. Rendering codepoint U+004E locally instead. Error: AJAXError: blocked (500): https://tiles.openfreemap.org/fonts/Noto Sans Italic/0-255.pbf @ http://localhost:4321/@vite/client:528
[     527ms] [WARNING] Unable to load glyph range 0, 0-255. Rendering codepoint U+004F locally instead. Error: AJAXError: blocked (500): https://tiles.openfreemap.org/fonts/Noto Sans Italic/0-255.pbf @ http://localhost:4321/@vite/client:528
[     527ms] [WARNING] Unable to load glyph range 0, 0-255. Rendering codepoint U+0050 locally instead. Error: AJAXError: blocked (500): https://tiles.openfreemap.org/fonts/Noto Sans Italic/0-255.pbf @ http://localhost:4321/@vite/client:528
[     527ms] [WARNING] Unable to load glyph range 0, 0-255. Rendering codepoint U+0053 locally instead. Error: AJAXError: blocked (500): https://tiles.openfreemap.org/fonts/Noto Sans Italic/0-255.pbf @ http://localhost:4321/@vite/client:528
[     527ms] [WARNING] Unable to load glyph range 0, 0-255. Rendering codepoint U+0054 locally instead. Error: AJAXError: blocked (500): https://tiles.openfreemap.org/fonts/Noto Sans Italic/0-255.pbf @ http://localhost:4321/@vite/client:528
[     527ms] [WARNING] Unable to load glyph range 0, 0-255. Rendering codepoint U+0061 locally instead. Error: AJAXError: blocked (500): https://tiles.openfreemap.org/fonts/Noto Sans Italic/0-255.pbf @ http://localhost:4321/@vite/client:528
[     527ms] [WARNING] Unable to load glyph range 0, 0-255. Rendering codepoint U+0062 locally instead. Error: AJAXError: blocked (500): https://tiles.openfreemap.org/fonts/Noto Sans Italic/0-255.pbf @ http://localhost:4321/@vite/client:528
[     527ms] [WARNING] Unable to load glyph range 0, 0-255. Rendering codepoint U+0063 locally instead. Error: AJAXError: blocked (500): https://tiles.openfreemap.org/fonts/Noto Sans Italic/0-255.pbf @ http://localhost:4321/@vite/client:528
[     527ms] [WARNING] Unable to load glyph range 0, 0-255. Rendering codepoint U+0064 locally instead. Error: AJAXError: blocked (500): https://tiles.openfreemap.org/fonts/Noto Sans Italic/0-255.pbf @ http://localhost:4321/@vite/client:528
[     527ms] [WARNING] Unable to load glyph range 0, 0-255. Rendering codepoint U+0065 locally instead. Error: AJAXError: blocked (500): https://tiles.openfreemap.org/fonts/Noto Sans Italic/0-255.pbf @ http://localhost:4321/@vite/client:528
[     527ms] [WARNING] Unable to load glyph range 0, 0-255. Rendering codepoint U+0066 locally instead. Error: AJAXError: blocked (500): https://tiles.openfreemap.org/fonts/Noto Sans Italic/0-255.pbf @ http://localhost:4321/@vite/client:528
[     527ms] [WARNING] Unable to load glyph range 0, 0-255. Rendering codepoint U+0068 locally instead. Error: AJAXError: blocked (500): https://tiles.openfreemap.org/fonts/Noto Sans Italic/0-255.pbf @ http://localhost:4321/@vite/client:528
[     527ms] [WARNING] Unable to load glyph range 0, 0-255. Rendering codepoint U+0069 locally instead. Error: AJAXError: blocked (500): https://tiles.openfreemap.org/fonts/Noto Sans Italic/0-255.pbf @ http://localhost:4321/@vite/client:528
[     527ms] [WARNING] Unable to load glyph range 0, 0-255. Rendering codepoint U+006B locally instead. Error: AJAXError: blocked (500): https://tiles.openfreemap.org/fonts/Noto Sans Italic/0-255.pbf @ http://localhost:4321/@vite/client:528
[     527ms] [WARNING] Unable to load glyph range 0, 0-255. Rendering codepoint U+006C locally instead. Error: AJAXError: blocked (500): https://tiles.openfreemap.org/fonts/Noto Sans Italic/0-255.pbf @ http://localhost:4321/@vite/client:528
[     527ms] [WARNING] Unable to load glyph range 0, 0-255. Rendering codepoint U+006D locally instead. Error: AJAXError: blocked (500): https://tiles.openfreemap.org/fonts/Noto Sans Italic/0-255.pbf @ http://localhost:4321/@vite/client:528
[     527ms] [WARNING] Unable to load glyph range 0, 0-255. Rendering codepoint U+006E locally instead. Error: AJAXError: blocked (500): https://tiles.openfreemap.org/fonts/Noto Sans Italic/0-255.pbf @ http://localhost:4321/@vite/client:528
[     527ms] [WARNING] Unable to load glyph range 0, 0-255. Rendering codepoint U+006F locally instead. Error: AJAXError: blocked (500): https://tiles.openfreemap.org/fonts/Noto Sans Italic/0-255.pbf @ http://localhost:4321/@vite/client:528
[     527ms] [WARNING] Unable to load glyph range 0, 0-255. Rendering codepoint U+0070 locally instead. Error: AJAXError: blocked (500): https://tiles.openfreemap.org/fonts/Noto Sans Italic/0-255.pbf @ http://localhost:4321/@vite/client:528
[     527ms] [WARNING] Unable to load glyph range 0, 0-255. Rendering codepoint U+0072 locally instead. Error: AJAXError: blocked (500): https://tiles.openfreemap.org/fonts/Noto Sans Italic/0-255.pbf @ http://localhost:4321/@vite/client:528
[     527ms] [WARNING] Unable to load glyph range 0, 0-255. Rendering codepoint U+0073 locally instead. Error: AJAXError: blocked (500): https://tiles.openfreemap.org/fonts/Noto Sans Italic/0-255.pbf @ http://localhost:4321/@vite/client:528
[     527ms] [WARNING] Unable to load glyph range 0, 0-255. Rendering codepoint U+0074 locally instead. Error: AJAXError: blocked (500): https://tiles.openfreemap.org/fonts/Noto Sans Italic/0-255.pbf @ http://localhost:4321/@vite/client:528
[     527ms] [WARNING] Unable to load glyph range 0, 0-255. Rendering codepoint U+0075 locally instead. Error: AJAXError: blocked (500): https://tiles.openfreemap.org/fonts/Noto Sans Italic/0-255.pbf @ http://localhost:4321/@vite/client:528
[     527ms] [WARNING] Unable to load glyph range 0, 0-255. Rendering codepoint U+0078 locally instead. Error: AJAXError: blocked (500): https://tiles.openfreemap.org/fonts/Noto Sans Italic/0-255.pbf @ http://localhost:4321/@vite/client:528
[     527ms] [WARNING] Unable to load glyph range 0, 0-255. Rendering codepoint U+0079 locally instead. Error: AJAXError: blocked (500): https://tiles.openfreemap.org/fonts/Noto Sans Italic/0-255.pbf @ http://localhost:4321/@vite/client:528
